m1:wed 1pm
meeting2:wed 1pm
meeting-3:wed 1pm
meetingfour:wed 1pm
meeting_five:wed 1pm
6meeting:wed 1pm
7_meeting-about-stuff:wed 1pm
a-really-really-long-meeting-about-the-number-eight:wed 1pm
EPICMEETING_NUMBER9:wed 1pm
MeetingAbout9Asterisks*:wed 1pm
$doll@rm1te`Meeting!:wed 1pm
cost:0
