m1:fri 12pm
m2:fri 12pm
m3:fri 12pm
m4:fri 12pm
cost:0
