m1:thu 4pm
m2:thu 4pm
m3:thu 4pm
m4:fri 4pm
cost:0
