m1:tue 11am
m2:tue 11am
m3:tue 11am
m4:mon 9am
cost:0
