m1:fri 10am
m2:fri 10am
m3:fri 10am
m4:fri 10am
cost:0
