m1:fri 12pm
m2:thu 9am
m3:fri 12pm
m4:thu 9am
m5:wed 1pm
m6:tue 12pm
m7:tue 12pm
m8:wed 1pm
m9:mon 1pm
m10:mon 1pm
cost:0
